// -----// IR Dump After SCFToControlFlowPass: convert-scf-to-cf{allow-pattern-rollback=true} //----- //
module {
  func.func @sum_0_to_n(%arg0: index) -> i32 {
    %c0 = arith.constant 0 : index
    %c1 = arith.constant 1 : index
    %c0_i32 = arith.constant 0 : i32
    cf.br ^bb1(%c0, %c0_i32 : index, i32)
  ^bb1(%0: index, %1: i32):  // 2 preds: ^bb0, ^bb2
    %2 = arith.cmpi slt, %0, %arg0 : index
    cf.cond_br %2, ^bb2, ^bb3
  ^bb2:  // pred: ^bb1
    %3 = arith.index_cast %0 : index to i32
    %4 = arith.addi %1, %3 : i32
    %5 = arith.addi %0, %c1 : index
    cf.br ^bb1(%5, %4 : index, i32)
  ^bb3:  // pred: ^bb1
    return %1 : i32
  }
  func.func @nested_loops() -> i32 {
    %c0 = arith.constant 0 : index
    %c4 = arith.constant 4 : index
    %c1 = arith.constant 1 : index
    %c0_i32 = arith.constant 0 : i32
    cf.br ^bb1(%c0, %c0_i32 : index, i32)
  ^bb1(%0: index, %1: i32):  // 2 preds: ^bb0, ^bb5
    %2 = arith.cmpi slt, %0, %c4 : index
    cf.cond_br %2, ^bb2, ^bb6
  ^bb2:  // pred: ^bb1
    cf.br ^bb3(%c0, %1 : index, i32)
  ^bb3(%3: index, %4: i32):  // 2 preds: ^bb2, ^bb4
    %5 = arith.cmpi slt, %3, %c4 : index
    cf.cond_br %5, ^bb4, ^bb5
  ^bb4:  // pred: ^bb3
    %6 = arith.index_cast %0 : index to i32
    %7 = arith.index_cast %3 : index to i32
    %8 = arith.muli %6, %7 : i32
    %9 = arith.addi %4, %8 : i32
    %10 = arith.addi %3, %c1 : index
    cf.br ^bb3(%10, %9 : index, i32)
  ^bb5:  // pred: ^bb3
    %11 = arith.addi %0, %c1 : index
    cf.br ^bb1(%11, %4 : index, i32)
  ^bb6:  // pred: ^bb1
    return %1 : i32
  }
  func.func @abs_value(%arg0: i32) -> i32 {
    %c0_i32 = arith.constant 0 : i32
    %0 = arith.cmpi slt, %arg0, %c0_i32 : i32
    cf.cond_br %0, ^bb1, ^bb2
  ^bb1:  // pred: ^bb0
    %1 = arith.subi %c0_i32, %arg0 : i32
    cf.br ^bb3(%1 : i32)
  ^bb2:  // pred: ^bb0
    cf.br ^bb3(%arg0 : i32)
  ^bb3(%2: i32):  // 2 preds: ^bb1, ^bb2
    cf.br ^bb4
  ^bb4:  // pred: ^bb3
    return %2 : i32
  }
  func.func @factorial(%arg0: i32) -> i32 {
    %c0_i32 = arith.constant 0 : i32
    %c1_i32 = arith.constant 1 : i32
    cf.br ^bb1(%arg0, %c1_i32 : i32, i32)
  ^bb1(%0: i32, %1: i32):  // 2 preds: ^bb0, ^bb2
    %2 = arith.cmpi sgt, %0, %c0_i32 : i32
    cf.cond_br %2, ^bb2(%0, %1 : i32, i32), ^bb3
  ^bb2(%3: i32, %4: i32):  // pred: ^bb1
    %5 = arith.muli %4, %3 : i32
    %6 = arith.subi %3, %c1_i32 : i32
    cf.br ^bb1(%6, %5 : i32, i32)
  ^bb3:  // pred: ^bb1
    return %0 : i32
  }
}


// -----// IR Dump After ArithToLLVMConversionPass: convert-arith-to-llvm{index-bitwidth=0} //----- //
module {
  func.func @sum_0_to_n(%arg0: index) -> i32 {
    %0 = builtin.unrealized_conversion_cast %arg0 : index to i64
    %1 = llvm.mlir.constant(0 : i64) : i64
    %2 = builtin.unrealized_conversion_cast %1 : i64 to index
    %3 = llvm.mlir.constant(1 : i64) : i64
    %4 = llvm.mlir.constant(0 : i32) : i32
    cf.br ^bb1(%2, %4 : index, i32)
  ^bb1(%5: index, %6: i32):  // 2 preds: ^bb0, ^bb2
    %7 = builtin.unrealized_conversion_cast %5 : index to i64
    %8 = llvm.icmp "slt" %7, %0 : i64
    cf.cond_br %8, ^bb2, ^bb3
  ^bb2:  // pred: ^bb1
    %9 = llvm.trunc %7 : i64 to i32
    %10 = llvm.add %6, %9 : i32
    %11 = llvm.add %7, %3 : i64
    %12 = builtin.unrealized_conversion_cast %11 : i64 to index
    cf.br ^bb1(%12, %10 : index, i32)
  ^bb3:  // pred: ^bb1
    return %6 : i32
  }
  func.func @nested_loops() -> i32 {
    %0 = llvm.mlir.constant(0 : i64) : i64
    %1 = builtin.unrealized_conversion_cast %0 : i64 to index
    %2 = llvm.mlir.constant(4 : i64) : i64
    %3 = llvm.mlir.constant(1 : i64) : i64
    %4 = llvm.mlir.constant(0 : i32) : i32
    cf.br ^bb1(%1, %4 : index, i32)
  ^bb1(%5: index, %6: i32):  // 2 preds: ^bb0, ^bb5
    %7 = builtin.unrealized_conversion_cast %5 : index to i64
    %8 = llvm.icmp "slt" %7, %2 : i64
    cf.cond_br %8, ^bb2, ^bb6
  ^bb2:  // pred: ^bb1
    cf.br ^bb3(%1, %6 : index, i32)
  ^bb3(%9: index, %10: i32):  // 2 preds: ^bb2, ^bb4
    %11 = builtin.unrealized_conversion_cast %9 : index to i64
    %12 = llvm.icmp "slt" %11, %2 : i64
    cf.cond_br %12, ^bb4, ^bb5
  ^bb4:  // pred: ^bb3
    %13 = llvm.trunc %7 : i64 to i32
    %14 = llvm.trunc %11 : i64 to i32
    %15 = llvm.mul %13, %14 : i32
    %16 = llvm.add %10, %15 : i32
    %17 = llvm.add %11, %3 : i64
    %18 = builtin.unrealized_conversion_cast %17 : i64 to index
    cf.br ^bb3(%18, %16 : index, i32)
  ^bb5:  // pred: ^bb3
    %19 = llvm.add %7, %3 : i64
    %20 = builtin.unrealized_conversion_cast %19 : i64 to index
    cf.br ^bb1(%20, %10 : index, i32)
  ^bb6:  // pred: ^bb1
    return %6 : i32
  }
  func.func @abs_value(%arg0: i32) -> i32 {
    %0 = llvm.mlir.constant(0 : i32) : i32
    %1 = llvm.icmp "slt" %arg0, %0 : i32
    cf.cond_br %1, ^bb1, ^bb2
  ^bb1:  // pred: ^bb0
    %2 = llvm.sub %0, %arg0 : i32
    cf.br ^bb3(%2 : i32)
  ^bb2:  // pred: ^bb0
    cf.br ^bb3(%arg0 : i32)
  ^bb3(%3: i32):  // 2 preds: ^bb1, ^bb2
    cf.br ^bb4
  ^bb4:  // pred: ^bb3
    return %3 : i32
  }
  func.func @factorial(%arg0: i32) -> i32 {
    %0 = llvm.mlir.constant(0 : i32) : i32
    %1 = llvm.mlir.constant(1 : i32) : i32
    cf.br ^bb1(%arg0, %1 : i32, i32)
  ^bb1(%2: i32, %3: i32):  // 2 preds: ^bb0, ^bb2
    %4 = llvm.icmp "sgt" %2, %0 : i32
    cf.cond_br %4, ^bb2(%2, %3 : i32, i32), ^bb3
  ^bb2(%5: i32, %6: i32):  // pred: ^bb1
    %7 = llvm.mul %6, %5 : i32
    %8 = llvm.sub %5, %1 : i32
    cf.br ^bb1(%8, %7 : i32, i32)
  ^bb3:  // pred: ^bb1
    return %2 : i32
  }
}


// -----// IR Dump After ConvertControlFlowToLLVMPass: convert-cf-to-llvm{index-bitwidth=0} //----- //
module {
  func.func @sum_0_to_n(%arg0: index) -> i32 {
    %0 = builtin.unrealized_conversion_cast %arg0 : index to i64
    %1 = llvm.mlir.constant(0 : i64) : i64
    %2 = builtin.unrealized_conversion_cast %1 : i64 to index
    %3 = llvm.mlir.constant(1 : i64) : i64
    %4 = llvm.mlir.constant(0 : i32) : i32
    llvm.br ^bb1(%1, %4 : i64, i32)
  ^bb1(%5: i64, %6: i32):  // 2 preds: ^bb0, ^bb2
    %7 = builtin.unrealized_conversion_cast %5 : i64 to index
    %8 = builtin.unrealized_conversion_cast %7 : index to i64
    %9 = llvm.icmp "slt" %8, %0 : i64
    llvm.cond_br %9, ^bb2, ^bb3
  ^bb2:  // pred: ^bb1
    %10 = llvm.trunc %8 : i64 to i32
    %11 = llvm.add %6, %10 : i32
    %12 = llvm.add %8, %3 : i64
    %13 = builtin.unrealized_conversion_cast %12 : i64 to index
    llvm.br ^bb1(%12, %11 : i64, i32)
  ^bb3:  // pred: ^bb1
    return %6 : i32
  }
  func.func @nested_loops() -> i32 {
    %0 = llvm.mlir.constant(0 : i64) : i64
    %1 = builtin.unrealized_conversion_cast %0 : i64 to index
    %2 = llvm.mlir.constant(4 : i64) : i64
    %3 = llvm.mlir.constant(1 : i64) : i64
    %4 = llvm.mlir.constant(0 : i32) : i32
    llvm.br ^bb1(%0, %4 : i64, i32)
  ^bb1(%5: i64, %6: i32):  // 2 preds: ^bb0, ^bb5
    %7 = builtin.unrealized_conversion_cast %5 : i64 to index
    %8 = builtin.unrealized_conversion_cast %7 : index to i64
    %9 = llvm.icmp "slt" %8, %2 : i64
    llvm.cond_br %9, ^bb2, ^bb6
  ^bb2:  // pred: ^bb1
    llvm.br ^bb3(%0, %6 : i64, i32)
  ^bb3(%10: i64, %11: i32):  // 2 preds: ^bb2, ^bb4
    %12 = builtin.unrealized_conversion_cast %10 : i64 to index
    %13 = builtin.unrealized_conversion_cast %12 : index to i64
    %14 = llvm.icmp "slt" %13, %2 : i64
    llvm.cond_br %14, ^bb4, ^bb5
  ^bb4:  // pred: ^bb3
    %15 = llvm.trunc %8 : i64 to i32
    %16 = llvm.trunc %13 : i64 to i32
    %17 = llvm.mul %15, %16 : i32
    %18 = llvm.add %11, %17 : i32
    %19 = llvm.add %13, %3 : i64
    %20 = builtin.unrealized_conversion_cast %19 : i64 to index
    llvm.br ^bb3(%19, %18 : i64, i32)
  ^bb5:  // pred: ^bb3
    %21 = llvm.add %8, %3 : i64
    %22 = builtin.unrealized_conversion_cast %21 : i64 to index
    llvm.br ^bb1(%21, %11 : i64, i32)
  ^bb6:  // pred: ^bb1
    return %6 : i32
  }
  func.func @abs_value(%arg0: i32) -> i32 {
    %0 = llvm.mlir.constant(0 : i32) : i32
    %1 = llvm.icmp "slt" %arg0, %0 : i32
    llvm.cond_br %1, ^bb1, ^bb2
  ^bb1:  // pred: ^bb0
    %2 = llvm.sub %0, %arg0 : i32
    llvm.br ^bb3(%2 : i32)
  ^bb2:  // pred: ^bb0
    llvm.br ^bb3(%arg0 : i32)
  ^bb3(%3: i32):  // 2 preds: ^bb1, ^bb2
    llvm.br ^bb4
  ^bb4:  // pred: ^bb3
    return %3 : i32
  }
  func.func @factorial(%arg0: i32) -> i32 {
    %0 = llvm.mlir.constant(0 : i32) : i32
    %1 = llvm.mlir.constant(1 : i32) : i32
    llvm.br ^bb1(%arg0, %1 : i32, i32)
  ^bb1(%2: i32, %3: i32):  // 2 preds: ^bb0, ^bb2
    %4 = llvm.icmp "sgt" %2, %0 : i32
    llvm.cond_br %4, ^bb2(%2, %3 : i32, i32), ^bb3
  ^bb2(%5: i32, %6: i32):  // pred: ^bb1
    %7 = llvm.mul %6, %5 : i32
    %8 = llvm.sub %5, %1 : i32
    llvm.br ^bb1(%8, %7 : i32, i32)
  ^bb3:  // pred: ^bb1
    return %2 : i32
  }
}


// -----// IR Dump After ConvertFuncToLLVMPass: convert-func-to-llvm{index-bitwidth=0 use-bare-ptr-memref-call-conv=false} //----- //
module {
  llvm.func @sum_0_to_n(%arg0: i64) -> i32 {
    %0 = builtin.unrealized_conversion_cast %arg0 : i64 to index
    %1 = builtin.unrealized_conversion_cast %0 : index to i64
    %2 = llvm.mlir.constant(0 : i64) : i64
    %3 = builtin.unrealized_conversion_cast %2 : i64 to index
    %4 = llvm.mlir.constant(1 : i64) : i64
    %5 = llvm.mlir.constant(0 : i32) : i32
    llvm.br ^bb1(%2, %5 : i64, i32)
  ^bb1(%6: i64, %7: i32):  // 2 preds: ^bb0, ^bb2
    %8 = builtin.unrealized_conversion_cast %6 : i64 to index
    %9 = builtin.unrealized_conversion_cast %8 : index to i64
    %10 = llvm.icmp "slt" %9, %1 : i64
    llvm.cond_br %10, ^bb2, ^bb3
  ^bb2:  // pred: ^bb1
    %11 = llvm.trunc %9 : i64 to i32
    %12 = llvm.add %7, %11 : i32
    %13 = llvm.add %9, %4 : i64
    %14 = builtin.unrealized_conversion_cast %13 : i64 to index
    llvm.br ^bb1(%13, %12 : i64, i32)
  ^bb3:  // pred: ^bb1
    llvm.return %7 : i32
  }
  llvm.func @nested_loops() -> i32 {
    %0 = llvm.mlir.constant(0 : i64) : i64
    %1 = builtin.unrealized_conversion_cast %0 : i64 to index
    %2 = llvm.mlir.constant(4 : i64) : i64
    %3 = llvm.mlir.constant(1 : i64) : i64
    %4 = llvm.mlir.constant(0 : i32) : i32
    llvm.br ^bb1(%0, %4 : i64, i32)
  ^bb1(%5: i64, %6: i32):  // 2 preds: ^bb0, ^bb5
    %7 = builtin.unrealized_conversion_cast %5 : i64 to index
    %8 = builtin.unrealized_conversion_cast %7 : index to i64
    %9 = llvm.icmp "slt" %8, %2 : i64
    llvm.cond_br %9, ^bb2, ^bb6
  ^bb2:  // pred: ^bb1
    llvm.br ^bb3(%0, %6 : i64, i32)
  ^bb3(%10: i64, %11: i32):  // 2 preds: ^bb2, ^bb4
    %12 = builtin.unrealized_conversion_cast %10 : i64 to index
    %13 = builtin.unrealized_conversion_cast %12 : index to i64
    %14 = llvm.icmp "slt" %13, %2 : i64
    llvm.cond_br %14, ^bb4, ^bb5
  ^bb4:  // pred: ^bb3
    %15 = llvm.trunc %8 : i64 to i32
    %16 = llvm.trunc %13 : i64 to i32
    %17 = llvm.mul %15, %16 : i32
    %18 = llvm.add %11, %17 : i32
    %19 = llvm.add %13, %3 : i64
    %20 = builtin.unrealized_conversion_cast %19 : i64 to index
    llvm.br ^bb3(%19, %18 : i64, i32)
  ^bb5:  // pred: ^bb3
    %21 = llvm.add %8, %3 : i64
    %22 = builtin.unrealized_conversion_cast %21 : i64 to index
    llvm.br ^bb1(%21, %11 : i64, i32)
  ^bb6:  // pred: ^bb1
    llvm.return %6 : i32
  }
  llvm.func @abs_value(%arg0: i32) -> i32 {
    %0 = llvm.mlir.constant(0 : i32) : i32
    %1 = llvm.icmp "slt" %arg0, %0 : i32
    llvm.cond_br %1, ^bb1, ^bb2
  ^bb1:  // pred: ^bb0
    %2 = llvm.sub %0, %arg0 : i32
    llvm.br ^bb3(%2 : i32)
  ^bb2:  // pred: ^bb0
    llvm.br ^bb3(%arg0 : i32)
  ^bb3(%3: i32):  // 2 preds: ^bb1, ^bb2
    llvm.br ^bb4
  ^bb4:  // pred: ^bb3
    llvm.return %3 : i32
  }
  llvm.func @factorial(%arg0: i32) -> i32 {
    %0 = llvm.mlir.constant(0 : i32) : i32
    %1 = llvm.mlir.constant(1 : i32) : i32
    llvm.br ^bb1(%arg0, %1 : i32, i32)
  ^bb1(%2: i32, %3: i32):  // 2 preds: ^bb0, ^bb2
    %4 = llvm.icmp "sgt" %2, %0 : i32
    llvm.cond_br %4, ^bb2(%2, %3 : i32, i32), ^bb3
  ^bb2(%5: i32, %6: i32):  // pred: ^bb1
    %7 = llvm.mul %6, %5 : i32
    %8 = llvm.sub %5, %1 : i32
    llvm.br ^bb1(%8, %7 : i32, i32)
  ^bb3:  // pred: ^bb1
    llvm.return %2 : i32
  }
}


// -----// IR Dump After ReconcileUnrealizedCastsPass: reconcile-unrealized-casts //----- //
module {
  llvm.func @sum_0_to_n(%arg0: i64) -> i32 {
    %0 = llvm.mlir.constant(0 : i64) : i64
    %1 = llvm.mlir.constant(1 : i64) : i64
    %2 = llvm.mlir.constant(0 : i32) : i32
    llvm.br ^bb1(%0, %2 : i64, i32)
  ^bb1(%3: i64, %4: i32):  // 2 preds: ^bb0, ^bb2
    %5 = llvm.icmp "slt" %3, %arg0 : i64
    llvm.cond_br %5, ^bb2, ^bb3
  ^bb2:  // pred: ^bb1
    %6 = llvm.trunc %3 : i64 to i32
    %7 = llvm.add %4, %6 : i32
    %8 = llvm.add %3, %1 : i64
    llvm.br ^bb1(%8, %7 : i64, i32)
  ^bb3:  // pred: ^bb1
    llvm.return %4 : i32
  }
  llvm.func @nested_loops() -> i32 {
    %0 = llvm.mlir.constant(0 : i64) : i64
    %1 = llvm.mlir.constant(4 : i64) : i64
    %2 = llvm.mlir.constant(1 : i64) : i64
    %3 = llvm.mlir.constant(0 : i32) : i32
    llvm.br ^bb1(%0, %3 : i64, i32)
  ^bb1(%4: i64, %5: i32):  // 2 preds: ^bb0, ^bb5
    %6 = llvm.icmp "slt" %4, %1 : i64
    llvm.cond_br %6, ^bb2, ^bb6
  ^bb2:  // pred: ^bb1
    llvm.br ^bb3(%0, %5 : i64, i32)
  ^bb3(%7: i64, %8: i32):  // 2 preds: ^bb2, ^bb4
    %9 = llvm.icmp "slt" %7, %1 : i64
    llvm.cond_br %9, ^bb4, ^bb5
  ^bb4:  // pred: ^bb3
    %10 = llvm.trunc %4 : i64 to i32
    %11 = llvm.trunc %7 : i64 to i32
    %12 = llvm.mul %10, %11 : i32
    %13 = llvm.add %8, %12 : i32
    %14 = llvm.add %7, %2 : i64
    llvm.br ^bb3(%14, %13 : i64, i32)
  ^bb5:  // pred: ^bb3
    %15 = llvm.add %4, %2 : i64
    llvm.br ^bb1(%15, %8 : i64, i32)
  ^bb6:  // pred: ^bb1
    llvm.return %5 : i32
  }
  llvm.func @abs_value(%arg0: i32) -> i32 {
    %0 = llvm.mlir.constant(0 : i32) : i32
    %1 = llvm.icmp "slt" %arg0, %0 : i32
    llvm.cond_br %1, ^bb1, ^bb2
  ^bb1:  // pred: ^bb0
    %2 = llvm.sub %0, %arg0 : i32
    llvm.br ^bb3(%2 : i32)
  ^bb2:  // pred: ^bb0
    llvm.br ^bb3(%arg0 : i32)
  ^bb3(%3: i32):  // 2 preds: ^bb1, ^bb2
    llvm.br ^bb4
  ^bb4:  // pred: ^bb3
    llvm.return %3 : i32
  }
  llvm.func @factorial(%arg0: i32) -> i32 {
    %0 = llvm.mlir.constant(0 : i32) : i32
    %1 = llvm.mlir.constant(1 : i32) : i32
    llvm.br ^bb1(%arg0, %1 : i32, i32)
  ^bb1(%2: i32, %3: i32):  // 2 preds: ^bb0, ^bb2
    %4 = llvm.icmp "sgt" %2, %0 : i32
    llvm.cond_br %4, ^bb2(%2, %3 : i32, i32), ^bb3
  ^bb2(%5: i32, %6: i32):  // pred: ^bb1
    %7 = llvm.mul %6, %5 : i32
    %8 = llvm.sub %5, %1 : i32
    llvm.br ^bb1(%8, %7 : i32, i32)
  ^bb3:  // pred: ^bb1
    llvm.return %2 : i32
  }
}


