// -----// IR Dump After SCFToControlFlowPass: convert-scf-to-cf{allow-pattern-rollback=true} //----- //
module {
  func.func private @printMemrefF32(memref<*xf32>)
  func.func @dot_product(%arg0: memref<4xf32>, %arg1: memref<4xf32>) -> f32 {
    %c0 = arith.constant 0 : index
    %c4 = arith.constant 4 : index
    %c1 = arith.constant 1 : index
    %cst = arith.constant 0.000000e+00 : f32
    cf.br ^bb1(%c0, %cst : index, f32)
  ^bb1(%0: index, %1: f32):  // 2 preds: ^bb0, ^bb2
    %2 = arith.cmpi slt, %0, %c4 : index
    cf.cond_br %2, ^bb2, ^bb3
  ^bb2:  // pred: ^bb1
    %3 = memref.load %arg0[%0] : memref<4xf32>
    %4 = memref.load %arg1[%0] : memref<4xf32>
    %5 = arith.mulf %3, %4 : f32
    %6 = arith.addf %1, %5 : f32
    %7 = arith.addi %0, %c1 : index
    cf.br ^bb1(%7, %6 : index, f32)
  ^bb3:  // pred: ^bb1
    return %1 : f32
  }
  func.func @main() {
    %alloc = memref.alloc() : memref<4xf32>
    %alloc_0 = memref.alloc() : memref<4xf32>
    %c0 = arith.constant 0 : index
    %c1 = arith.constant 1 : index
    %c2 = arith.constant 2 : index
    %c3 = arith.constant 3 : index
    %cst = arith.constant 1.000000e+00 : f32
    %cst_1 = arith.constant 2.000000e+00 : f32
    %cst_2 = arith.constant 3.000000e+00 : f32
    %cst_3 = arith.constant 4.000000e+00 : f32
    memref.store %cst, %alloc[%c0] : memref<4xf32>
    memref.store %cst_1, %alloc[%c1] : memref<4xf32>
    memref.store %cst_2, %alloc[%c2] : memref<4xf32>
    memref.store %cst_3, %alloc[%c3] : memref<4xf32>
    memref.store %cst, %alloc_0[%c0] : memref<4xf32>
    memref.store %cst_1, %alloc_0[%c1] : memref<4xf32>
    memref.store %cst_2, %alloc_0[%c2] : memref<4xf32>
    memref.store %cst_3, %alloc_0[%c3] : memref<4xf32>
    %0 = call @dot_product(%alloc, %alloc_0) : (memref<4xf32>, memref<4xf32>) -> f32
    %alloc_4 = memref.alloc() : memref<f32>
    memref.store %0, %alloc_4[] : memref<f32>
    %cast = memref.cast %alloc_4 : memref<f32> to memref<*xf32>
    call @printMemrefF32(%cast) : (memref<*xf32>) -> ()
    memref.dealloc %alloc : memref<4xf32>
    memref.dealloc %alloc_0 : memref<4xf32>
    memref.dealloc %alloc_4 : memref<f32>
    return
  }
}


// -----// IR Dump After ArithToLLVMConversionPass: convert-arith-to-llvm{index-bitwidth=0} //----- //
module {
  func.func private @printMemrefF32(memref<*xf32>)
  func.func @dot_product(%arg0: memref<4xf32>, %arg1: memref<4xf32>) -> f32 {
    %0 = llvm.mlir.constant(0 : i64) : i64
    %1 = builtin.unrealized_conversion_cast %0 : i64 to index
    %2 = llvm.mlir.constant(4 : i64) : i64
    %3 = llvm.mlir.constant(1 : i64) : i64
    %4 = llvm.mlir.constant(0.000000e+00 : f32) : f32
    cf.br ^bb1(%1, %4 : index, f32)
  ^bb1(%5: index, %6: f32):  // 2 preds: ^bb0, ^bb2
    %7 = builtin.unrealized_conversion_cast %5 : index to i64
    %8 = llvm.icmp "slt" %7, %2 : i64
    cf.cond_br %8, ^bb2, ^bb3
  ^bb2:  // pred: ^bb1
    %9 = memref.load %arg0[%5] : memref<4xf32>
    %10 = memref.load %arg1[%5] : memref<4xf32>
    %11 = llvm.fmul %9, %10 : f32
    %12 = llvm.fadd %6, %11 : f32
    %13 = llvm.add %7, %3 : i64
    %14 = builtin.unrealized_conversion_cast %13 : i64 to index
    cf.br ^bb1(%14, %12 : index, f32)
  ^bb3:  // pred: ^bb1
    return %6 : f32
  }
  func.func @main() {
    %alloc = memref.alloc() : memref<4xf32>
    %alloc_0 = memref.alloc() : memref<4xf32>
    %0 = llvm.mlir.constant(0 : i64) : i64
    %1 = builtin.unrealized_conversion_cast %0 : i64 to index
    %2 = llvm.mlir.constant(1 : i64) : i64
    %3 = builtin.unrealized_conversion_cast %2 : i64 to index
    %4 = llvm.mlir.constant(2 : i64) : i64
    %5 = builtin.unrealized_conversion_cast %4 : i64 to index
    %6 = llvm.mlir.constant(3 : i64) : i64
    %7 = builtin.unrealized_conversion_cast %6 : i64 to index
    %8 = llvm.mlir.constant(1.000000e+00 : f32) : f32
    %9 = llvm.mlir.constant(2.000000e+00 : f32) : f32
    %10 = llvm.mlir.constant(3.000000e+00 : f32) : f32
    %11 = llvm.mlir.constant(4.000000e+00 : f32) : f32
    memref.store %8, %alloc[%1] : memref<4xf32>
    memref.store %9, %alloc[%3] : memref<4xf32>
    memref.store %10, %alloc[%5] : memref<4xf32>
    memref.store %11, %alloc[%7] : memref<4xf32>
    memref.store %8, %alloc_0[%1] : memref<4xf32>
    memref.store %9, %alloc_0[%3] : memref<4xf32>
    memref.store %10, %alloc_0[%5] : memref<4xf32>
    memref.store %11, %alloc_0[%7] : memref<4xf32>
    %12 = call @dot_product(%alloc, %alloc_0) : (memref<4xf32>, memref<4xf32>) -> f32
    %alloc_1 = memref.alloc() : memref<f32>
    memref.store %12, %alloc_1[] : memref<f32>
    %cast = memref.cast %alloc_1 : memref<f32> to memref<*xf32>
    call @printMemrefF32(%cast) : (memref<*xf32>) -> ()
    memref.dealloc %alloc : memref<4xf32>
    memref.dealloc %alloc_0 : memref<4xf32>
    memref.dealloc %alloc_1 : memref<f32>
    return
  }
}


// -----// IR Dump After FinalizeMemRefToLLVMConversionPass: finalize-memref-to-llvm{index-bitwidth=0 use-aligned-alloc=false use-generic-functions=false} //----- //
module {
  llvm.func @free(!llvm.ptr)
  llvm.func @malloc(i64) -> !llvm.ptr
  func.func private @printMemrefF32(memref<*xf32>)
  func.func @dot_product(%arg0: memref<4xf32>, %arg1: memref<4xf32>) -> f32 {
    %0 = builtin.unrealized_conversion_cast %arg1 : memref<4xf32> to !llvm.struct<(ptr, ptr, i64, array<1 x i64>, array<1 x i64>)>
    %1 = builtin.unrealized_conversion_cast %arg0 : memref<4xf32> to !llvm.struct<(ptr, ptr, i64, array<1 x i64>, array<1 x i64>)>
    %2 = llvm.mlir.constant(0 : i64) : i64
    %3 = builtin.unrealized_conversion_cast %2 : i64 to index
    %4 = llvm.mlir.constant(4 : i64) : i64
    %5 = llvm.mlir.constant(1 : i64) : i64
    %6 = llvm.mlir.constant(0.000000e+00 : f32) : f32
    cf.br ^bb1(%3, %6 : index, f32)
  ^bb1(%7: index, %8: f32):  // 2 preds: ^bb0, ^bb2
    %9 = builtin.unrealized_conversion_cast %7 : index to i64
    %10 = builtin.unrealized_conversion_cast %7 : index to i64
    %11 = llvm.icmp "slt" %10, %4 : i64
    cf.cond_br %11, ^bb2, ^bb3
  ^bb2:  // pred: ^bb1
    %12 = llvm.extractvalue %1[1] : !llvm.struct<(ptr, ptr, i64, array<1 x i64>, array<1 x i64>)> 
    %13 = llvm.getelementptr inbounds|nuw %12[%9] : (!llvm.ptr, i64) -> !llvm.ptr, f32
    %14 = llvm.load %13 : !llvm.ptr -> f32
    %15 = llvm.extractvalue %0[1] : !llvm.struct<(ptr, ptr, i64, array<1 x i64>, array<1 x i64>)> 
    %16 = llvm.getelementptr inbounds|nuw %15[%9] : (!llvm.ptr, i64) -> !llvm.ptr, f32
    %17 = llvm.load %16 : !llvm.ptr -> f32
    %18 = llvm.fmul %14, %17 : f32
    %19 = llvm.fadd %8, %18 : f32
    %20 = llvm.add %10, %5 : i64
    %21 = builtin.unrealized_conversion_cast %20 : i64 to index
    cf.br ^bb1(%21, %19 : index, f32)
  ^bb3:  // pred: ^bb1
    return %8 : f32
  }
  func.func @main() {
    %0 = llvm.mlir.constant(4 : i64) : i64
    %1 = llvm.mlir.constant(1 : i64) : i64
    %2 = llvm.mlir.zero : !llvm.ptr
    %3 = llvm.getelementptr %2[%0] : (!llvm.ptr, i64) -> !llvm.ptr, f32
    %4 = llvm.ptrtoint %3 : !llvm.ptr to i64
    %5 = llvm.call @malloc(%4) : (i64) -> !llvm.ptr
    %6 = llvm.mlir.poison : !llvm.struct<(ptr, ptr, i64, array<1 x i64>, array<1 x i64>)>
    %7 = llvm.insertvalue %5, %6[0] : !llvm.struct<(ptr, ptr, i64, array<1 x i64>, array<1 x i64>)> 
    %8 = llvm.insertvalue %5, %7[1] : !llvm.struct<(ptr, ptr, i64, array<1 x i64>, array<1 x i64>)> 
    %9 = llvm.mlir.constant(0 : i64) : i64
    %10 = llvm.insertvalue %9, %8[2] : !llvm.struct<(ptr, ptr, i64, array<1 x i64>, array<1 x i64>)> 
    %11 = llvm.insertvalue %0, %10[3, 0] : !llvm.struct<(ptr, ptr, i64, array<1 x i64>, array<1 x i64>)> 
    %12 = llvm.insertvalue %1, %11[4, 0] : !llvm.struct<(ptr, ptr, i64, array<1 x i64>, array<1 x i64>)> 
    %13 = builtin.unrealized_conversion_cast %12 : !llvm.struct<(ptr, ptr, i64, array<1 x i64>, array<1 x i64>)> to memref<4xf32>
    %14 = llvm.mlir.constant(4 : i64) : i64
    %15 = llvm.mlir.constant(1 : i64) : i64
    %16 = llvm.mlir.zero : !llvm.ptr
    %17 = llvm.getelementptr %16[%14] : (!llvm.ptr, i64) -> !llvm.ptr, f32
    %18 = llvm.ptrtoint %17 : !llvm.ptr to i64
    %19 = llvm.call @malloc(%18) : (i64) -> !llvm.ptr
    %20 = llvm.mlir.poison : !llvm.struct<(ptr, ptr, i64, array<1 x i64>, array<1 x i64>)>
    %21 = llvm.insertvalue %19, %20[0] : !llvm.struct<(ptr, ptr, i64, array<1 x i64>, array<1 x i64>)> 
    %22 = llvm.insertvalue %19, %21[1] : !llvm.struct<(ptr, ptr, i64, array<1 x i64>, array<1 x i64>)> 
    %23 = llvm.mlir.constant(0 : i64) : i64
    %24 = llvm.insertvalue %23, %22[2] : !llvm.struct<(ptr, ptr, i64, array<1 x i64>, array<1 x i64>)> 
    %25 = llvm.insertvalue %14, %24[3, 0] : !llvm.struct<(ptr, ptr, i64, array<1 x i64>, array<1 x i64>)> 
    %26 = llvm.insertvalue %15, %25[4, 0] : !llvm.struct<(ptr, ptr, i64, array<1 x i64>, array<1 x i64>)> 
    %27 = builtin.unrealized_conversion_cast %26 : !llvm.struct<(ptr, ptr, i64, array<1 x i64>, array<1 x i64>)> to memref<4xf32>
    %28 = llvm.mlir.constant(0 : i64) : i64
    %29 = builtin.unrealized_conversion_cast %28 : i64 to index
    %30 = llvm.mlir.constant(1 : i64) : i64
    %31 = builtin.unrealized_conversion_cast %30 : i64 to index
    %32 = llvm.mlir.constant(2 : i64) : i64
    %33 = builtin.unrealized_conversion_cast %32 : i64 to index
    %34 = llvm.mlir.constant(3 : i64) : i64
    %35 = builtin.unrealized_conversion_cast %34 : i64 to index
    %36 = llvm.mlir.constant(1.000000e+00 : f32) : f32
    %37 = llvm.mlir.constant(2.000000e+00 : f32) : f32
    %38 = llvm.mlir.constant(3.000000e+00 : f32) : f32
    %39 = llvm.mlir.constant(4.000000e+00 : f32) : f32
    %40 = llvm.extractvalue %12[1] : !llvm.struct<(ptr, ptr, i64, array<1 x i64>, array<1 x i64>)> 
    %41 = llvm.getelementptr inbounds|nuw %40[%28] : (!llvm.ptr, i64) -> !llvm.ptr, f32
    llvm.store %36, %41 : f32, !llvm.ptr
    %42 = llvm.extractvalue %12[1] : !llvm.struct<(ptr, ptr, i64, array<1 x i64>, array<1 x i64>)> 
    %43 = llvm.getelementptr inbounds|nuw %42[%30] : (!llvm.ptr, i64) -> !llvm.ptr, f32
    llvm.store %37, %43 : f32, !llvm.ptr
    %44 = llvm.extractvalue %12[1] : !llvm.struct<(ptr, ptr, i64, array<1 x i64>, array<1 x i64>)> 
    %45 = llvm.getelementptr inbounds|nuw %44[%32] : (!llvm.ptr, i64) -> !llvm.ptr, f32
    llvm.store %38, %45 : f32, !llvm.ptr
    %46 = llvm.extractvalue %12[1] : !llvm.struct<(ptr, ptr, i64, array<1 x i64>, array<1 x i64>)> 
    %47 = llvm.getelementptr inbounds|nuw %46[%34] : (!llvm.ptr, i64) -> !llvm.ptr, f32
    llvm.store %39, %47 : f32, !llvm.ptr
    %48 = llvm.extractvalue %26[1] : !llvm.struct<(ptr, ptr, i64, array<1 x i64>, array<1 x i64>)> 
    %49 = llvm.getelementptr inbounds|nuw %48[%28] : (!llvm.ptr, i64) -> !llvm.ptr, f32
    llvm.store %36, %49 : f32, !llvm.ptr
    %50 = llvm.extractvalue %26[1] : !llvm.struct<(ptr, ptr, i64, array<1 x i64>, array<1 x i64>)> 
    %51 = llvm.getelementptr inbounds|nuw %50[%30] : (!llvm.ptr, i64) -> !llvm.ptr, f32
    llvm.store %37, %51 : f32, !llvm.ptr
    %52 = llvm.extractvalue %26[1] : !llvm.struct<(ptr, ptr, i64, array<1 x i64>, array<1 x i64>)> 
    %53 = llvm.getelementptr inbounds|nuw %52[%32] : (!llvm.ptr, i64) -> !llvm.ptr, f32
    llvm.store %38, %53 : f32, !llvm.ptr
    %54 = llvm.extractvalue %26[1] : !llvm.struct<(ptr, ptr, i64, array<1 x i64>, array<1 x i64>)> 
    %55 = llvm.getelementptr inbounds|nuw %54[%34] : (!llvm.ptr, i64) -> !llvm.ptr, f32
    llvm.store %39, %55 : f32, !llvm.ptr
    %56 = call @dot_product(%13, %27) : (memref<4xf32>, memref<4xf32>) -> f32
    %57 = llvm.mlir.constant(1 : i64) : i64
    %58 = llvm.mlir.zero : !llvm.ptr
    %59 = llvm.getelementptr %58[%57] : (!llvm.ptr, i64) -> !llvm.ptr, f32
    %60 = llvm.ptrtoint %59 : !llvm.ptr to i64
    %61 = llvm.call @malloc(%60) : (i64) -> !llvm.ptr
    %62 = llvm.mlir.poison : !llvm.struct<(ptr, ptr, i64)>
    %63 = llvm.insertvalue %61, %62[0] : !llvm.struct<(ptr, ptr, i64)> 
    %64 = llvm.insertvalue %61, %63[1] : !llvm.struct<(ptr, ptr, i64)> 
    %65 = llvm.mlir.constant(0 : i64) : i64
    %66 = llvm.insertvalue %65, %64[2] : !llvm.struct<(ptr, ptr, i64)> 
    %67 = llvm.extractvalue %66[1] : !llvm.struct<(ptr, ptr, i64)> 
    llvm.store %56, %67 : f32, !llvm.ptr
    %68 = llvm.mlir.constant(1 : i64) : i64
    %69 = llvm.alloca %68 x !llvm.struct<(ptr, ptr, i64)> : (i64) -> !llvm.ptr
    llvm.store %66, %69 : !llvm.struct<(ptr, ptr, i64)>, !llvm.ptr
    %70 = llvm.mlir.constant(0 : i64) : i64
    %71 = llvm.mlir.poison : !llvm.struct<(i64, ptr)>
    %72 = llvm.insertvalue %70, %71[0] : !llvm.struct<(i64, ptr)> 
    %73 = llvm.insertvalue %69, %72[1] : !llvm.struct<(i64, ptr)> 
    %74 = builtin.unrealized_conversion_cast %73 : !llvm.struct<(i64, ptr)> to memref<*xf32>
    call @printMemrefF32(%74) : (memref<*xf32>) -> ()
    %75 = llvm.extractvalue %12[0] : !llvm.struct<(ptr, ptr, i64, array<1 x i64>, array<1 x i64>)> 
    llvm.call @free(%75) : (!llvm.ptr) -> ()
    %76 = llvm.extractvalue %26[0] : !llvm.struct<(ptr, ptr, i64, array<1 x i64>, array<1 x i64>)> 
    llvm.call @free(%76) : (!llvm.ptr) -> ()
    %77 = llvm.extractvalue %66[0] : !llvm.struct<(ptr, ptr, i64)> 
    llvm.call @free(%77) : (!llvm.ptr) -> ()
    return
  }
}


// -----// IR Dump After ConvertControlFlowToLLVMPass: convert-cf-to-llvm{index-bitwidth=0} //----- //
module {
  llvm.func @free(!llvm.ptr)
  llvm.func @malloc(i64) -> !llvm.ptr
  func.func private @printMemrefF32(memref<*xf32>)
  func.func @dot_product(%arg0: memref<4xf32>, %arg1: memref<4xf32>) -> f32 {
    %0 = builtin.unrealized_conversion_cast %arg1 : memref<4xf32> to !llvm.struct<(ptr, ptr, i64, array<1 x i64>, array<1 x i64>)>
    %1 = builtin.unrealized_conversion_cast %arg0 : memref<4xf32> to !llvm.struct<(ptr, ptr, i64, array<1 x i64>, array<1 x i64>)>
    %2 = llvm.mlir.constant(0 : i64) : i64
    %3 = builtin.unrealized_conversion_cast %2 : i64 to index
    %4 = llvm.mlir.constant(4 : i64) : i64
    %5 = llvm.mlir.constant(1 : i64) : i64
    %6 = llvm.mlir.constant(0.000000e+00 : f32) : f32
    llvm.br ^bb1(%2, %6 : i64, f32)
  ^bb1(%7: i64, %8: f32):  // 2 preds: ^bb0, ^bb2
    %9 = builtin.unrealized_conversion_cast %7 : i64 to index
    %10 = builtin.unrealized_conversion_cast %9 : index to i64
    %11 = builtin.unrealized_conversion_cast %9 : index to i64
    %12 = llvm.icmp "slt" %11, %4 : i64
    llvm.cond_br %12, ^bb2, ^bb3
  ^bb2:  // pred: ^bb1
    %13 = llvm.extractvalue %1[1] : !llvm.struct<(ptr, ptr, i64, array<1 x i64>, array<1 x i64>)> 
    %14 = llvm.getelementptr inbounds|nuw %13[%10] : (!llvm.ptr, i64) -> !llvm.ptr, f32
    %15 = llvm.load %14 : !llvm.ptr -> f32
    %16 = llvm.extractvalue %0[1] : !llvm.struct<(ptr, ptr, i64, array<1 x i64>, array<1 x i64>)> 
    %17 = llvm.getelementptr inbounds|nuw %16[%10] : (!llvm.ptr, i64) -> !llvm.ptr, f32
    %18 = llvm.load %17 : !llvm.ptr -> f32
    %19 = llvm.fmul %15, %18 : f32
    %20 = llvm.fadd %8, %19 : f32
    %21 = llvm.add %11, %5 : i64
    %22 = builtin.unrealized_conversion_cast %21 : i64 to index
    llvm.br ^bb1(%21, %20 : i64, f32)
  ^bb3:  // pred: ^bb1
    return %8 : f32
  }
  func.func @main() {
    %0 = llvm.mlir.constant(4 : i64) : i64
    %1 = llvm.mlir.constant(1 : i64) : i64
    %2 = llvm.mlir.zero : !llvm.ptr
    %3 = llvm.getelementptr %2[%0] : (!llvm.ptr, i64) -> !llvm.ptr, f32
    %4 = llvm.ptrtoint %3 : !llvm.ptr to i64
    %5 = llvm.call @malloc(%4) : (i64) -> !llvm.ptr
    %6 = llvm.mlir.poison : !llvm.struct<(ptr, ptr, i64, array<1 x i64>, array<1 x i64>)>
    %7 = llvm.insertvalue %5, %6[0] : !llvm.struct<(ptr, ptr, i64, array<1 x i64>, array<1 x i64>)> 
    %8 = llvm.insertvalue %5, %7[1] : !llvm.struct<(ptr, ptr, i64, array<1 x i64>, array<1 x i64>)> 
    %9 = llvm.mlir.constant(0 : i64) : i64
    %10 = llvm.insertvalue %9, %8[2] : !llvm.struct<(ptr, ptr, i64, array<1 x i64>, array<1 x i64>)> 
    %11 = llvm.insertvalue %0, %10[3, 0] : !llvm.struct<(ptr, ptr, i64, array<1 x i64>, array<1 x i64>)> 
    %12 = llvm.insertvalue %1, %11[4, 0] : !llvm.struct<(ptr, ptr, i64, array<1 x i64>, array<1 x i64>)> 
    %13 = builtin.unrealized_conversion_cast %12 : !llvm.struct<(ptr, ptr, i64, array<1 x i64>, array<1 x i64>)> to memref<4xf32>
    %14 = llvm.mlir.constant(4 : i64) : i64
    %15 = llvm.mlir.constant(1 : i64) : i64
    %16 = llvm.mlir.zero : !llvm.ptr
    %17 = llvm.getelementptr %16[%14] : (!llvm.ptr, i64) -> !llvm.ptr, f32
    %18 = llvm.ptrtoint %17 : !llvm.ptr to i64
    %19 = llvm.call @malloc(%18) : (i64) -> !llvm.ptr
    %20 = llvm.mlir.poison : !llvm.struct<(ptr, ptr, i64, array<1 x i64>, array<1 x i64>)>
    %21 = llvm.insertvalue %19, %20[0] : !llvm.struct<(ptr, ptr, i64, array<1 x i64>, array<1 x i64>)> 
    %22 = llvm.insertvalue %19, %21[1] : !llvm.struct<(ptr, ptr, i64, array<1 x i64>, array<1 x i64>)> 
    %23 = llvm.mlir.constant(0 : i64) : i64
    %24 = llvm.insertvalue %23, %22[2] : !llvm.struct<(ptr, ptr, i64, array<1 x i64>, array<1 x i64>)> 
    %25 = llvm.insertvalue %14, %24[3, 0] : !llvm.struct<(ptr, ptr, i64, array<1 x i64>, array<1 x i64>)> 
    %26 = llvm.insertvalue %15, %25[4, 0] : !llvm.struct<(ptr, ptr, i64, array<1 x i64>, array<1 x i64>)> 
    %27 = builtin.unrealized_conversion_cast %26 : !llvm.struct<(ptr, ptr, i64, array<1 x i64>, array<1 x i64>)> to memref<4xf32>
    %28 = llvm.mlir.constant(0 : i64) : i64
    %29 = builtin.unrealized_conversion_cast %28 : i64 to index
    %30 = llvm.mlir.constant(1 : i64) : i64
    %31 = builtin.unrealized_conversion_cast %30 : i64 to index
    %32 = llvm.mlir.constant(2 : i64) : i64
    %33 = builtin.unrealized_conversion_cast %32 : i64 to index
    %34 = llvm.mlir.constant(3 : i64) : i64
    %35 = builtin.unrealized_conversion_cast %34 : i64 to index
    %36 = llvm.mlir.constant(1.000000e+00 : f32) : f32
    %37 = llvm.mlir.constant(2.000000e+00 : f32) : f32
    %38 = llvm.mlir.constant(3.000000e+00 : f32) : f32
    %39 = llvm.mlir.constant(4.000000e+00 : f32) : f32
    %40 = llvm.extractvalue %12[1] : !llvm.struct<(ptr, ptr, i64, array<1 x i64>, array<1 x i64>)> 
    %41 = llvm.getelementptr inbounds|nuw %40[%28] : (!llvm.ptr, i64) -> !llvm.ptr, f32
    llvm.store %36, %41 : f32, !llvm.ptr
    %42 = llvm.extractvalue %12[1] : !llvm.struct<(ptr, ptr, i64, array<1 x i64>, array<1 x i64>)> 
    %43 = llvm.getelementptr inbounds|nuw %42[%30] : (!llvm.ptr, i64) -> !llvm.ptr, f32
    llvm.store %37, %43 : f32, !llvm.ptr
    %44 = llvm.extractvalue %12[1] : !llvm.struct<(ptr, ptr, i64, array<1 x i64>, array<1 x i64>)> 
    %45 = llvm.getelementptr inbounds|nuw %44[%32] : (!llvm.ptr, i64) -> !llvm.ptr, f32
    llvm.store %38, %45 : f32, !llvm.ptr
    %46 = llvm.extractvalue %12[1] : !llvm.struct<(ptr, ptr, i64, array<1 x i64>, array<1 x i64>)> 
    %47 = llvm.getelementptr inbounds|nuw %46[%34] : (!llvm.ptr, i64) -> !llvm.ptr, f32
    llvm.store %39, %47 : f32, !llvm.ptr
    %48 = llvm.extractvalue %26[1] : !llvm.struct<(ptr, ptr, i64, array<1 x i64>, array<1 x i64>)> 
    %49 = llvm.getelementptr inbounds|nuw %48[%28] : (!llvm.ptr, i64) -> !llvm.ptr, f32
    llvm.store %36, %49 : f32, !llvm.ptr
    %50 = llvm.extractvalue %26[1] : !llvm.struct<(ptr, ptr, i64, array<1 x i64>, array<1 x i64>)> 
    %51 = llvm.getelementptr inbounds|nuw %50[%30] : (!llvm.ptr, i64) -> !llvm.ptr, f32
    llvm.store %37, %51 : f32, !llvm.ptr
    %52 = llvm.extractvalue %26[1] : !llvm.struct<(ptr, ptr, i64, array<1 x i64>, array<1 x i64>)> 
    %53 = llvm.getelementptr inbounds|nuw %52[%32] : (!llvm.ptr, i64) -> !llvm.ptr, f32
    llvm.store %38, %53 : f32, !llvm.ptr
    %54 = llvm.extractvalue %26[1] : !llvm.struct<(ptr, ptr, i64, array<1 x i64>, array<1 x i64>)> 
    %55 = llvm.getelementptr inbounds|nuw %54[%34] : (!llvm.ptr, i64) -> !llvm.ptr, f32
    llvm.store %39, %55 : f32, !llvm.ptr
    %56 = call @dot_product(%13, %27) : (memref<4xf32>, memref<4xf32>) -> f32
    %57 = llvm.mlir.constant(1 : i64) : i64
    %58 = llvm.mlir.zero : !llvm.ptr
    %59 = llvm.getelementptr %58[%57] : (!llvm.ptr, i64) -> !llvm.ptr, f32
    %60 = llvm.ptrtoint %59 : !llvm.ptr to i64
    %61 = llvm.call @malloc(%60) : (i64) -> !llvm.ptr
    %62 = llvm.mlir.poison : !llvm.struct<(ptr, ptr, i64)>
    %63 = llvm.insertvalue %61, %62[0] : !llvm.struct<(ptr, ptr, i64)> 
    %64 = llvm.insertvalue %61, %63[1] : !llvm.struct<(ptr, ptr, i64)> 
    %65 = llvm.mlir.constant(0 : i64) : i64
    %66 = llvm.insertvalue %65, %64[2] : !llvm.struct<(ptr, ptr, i64)> 
    %67 = llvm.extractvalue %66[1] : !llvm.struct<(ptr, ptr, i64)> 
    llvm.store %56, %67 : f32, !llvm.ptr
    %68 = llvm.mlir.constant(1 : i64) : i64
    %69 = llvm.alloca %68 x !llvm.struct<(ptr, ptr, i64)> : (i64) -> !llvm.ptr
    llvm.store %66, %69 : !llvm.struct<(ptr, ptr, i64)>, !llvm.ptr
    %70 = llvm.mlir.constant(0 : i64) : i64
    %71 = llvm.mlir.poison : !llvm.struct<(i64, ptr)>
    %72 = llvm.insertvalue %70, %71[0] : !llvm.struct<(i64, ptr)> 
    %73 = llvm.insertvalue %69, %72[1] : !llvm.struct<(i64, ptr)> 
    %74 = builtin.unrealized_conversion_cast %73 : !llvm.struct<(i64, ptr)> to memref<*xf32>
    call @printMemrefF32(%74) : (memref<*xf32>) -> ()
    %75 = llvm.extractvalue %12[0] : !llvm.struct<(ptr, ptr, i64, array<1 x i64>, array<1 x i64>)> 
    llvm.call @free(%75) : (!llvm.ptr) -> ()
    %76 = llvm.extractvalue %26[0] : !llvm.struct<(ptr, ptr, i64, array<1 x i64>, array<1 x i64>)> 
    llvm.call @free(%76) : (!llvm.ptr) -> ()
    %77 = llvm.extractvalue %66[0] : !llvm.struct<(ptr, ptr, i64)> 
    llvm.call @free(%77) : (!llvm.ptr) -> ()
    return
  }
}


// -----// IR Dump After ConvertFuncToLLVMPass: convert-func-to-llvm{index-bitwidth=0 use-bare-ptr-memref-call-conv=false} //----- //
module {
  llvm.func @free(!llvm.ptr)
  llvm.func @malloc(i64) -> !llvm.ptr
  llvm.func @printMemrefF32(i64, !llvm.ptr) attributes {sym_visibility = "private"}
  llvm.func @dot_product(%arg0: !llvm.ptr, %arg1: !llvm.ptr, %arg2: i64, %arg3: i64, %arg4: i64, %arg5: !llvm.ptr, %arg6: !llvm.ptr, %arg7: i64, %arg8: i64, %arg9: i64) -> f32 {
    %0 = llvm.mlir.poison : !llvm.struct<(ptr, ptr, i64, array<1 x i64>, array<1 x i64>)>
    %1 = llvm.insertvalue %arg5, %0[0] : !llvm.struct<(ptr, ptr, i64, array<1 x i64>, array<1 x i64>)> 
    %2 = llvm.insertvalue %arg6, %1[1] : !llvm.struct<(ptr, ptr, i64, array<1 x i64>, array<1 x i64>)> 
    %3 = llvm.insertvalue %arg7, %2[2] : !llvm.struct<(ptr, ptr, i64, array<1 x i64>, array<1 x i64>)> 
    %4 = llvm.insertvalue %arg8, %3[3, 0] : !llvm.struct<(ptr, ptr, i64, array<1 x i64>, array<1 x i64>)> 
    %5 = llvm.insertvalue %arg9, %4[4, 0] : !llvm.struct<(ptr, ptr, i64, array<1 x i64>, array<1 x i64>)> 
    %6 = builtin.unrealized_conversion_cast %5 : !llvm.struct<(ptr, ptr, i64, array<1 x i64>, array<1 x i64>)> to memref<4xf32>
    %7 = llvm.mlir.poison : !llvm.struct<(ptr, ptr, i64, array<1 x i64>, array<1 x i64>)>
    %8 = llvm.insertvalue %arg0, %7[0] : !llvm.struct<(ptr, ptr, i64, array<1 x i64>, array<1 x i64>)> 
    %9 = llvm.insertvalue %arg1, %8[1] : !llvm.struct<(ptr, ptr, i64, array<1 x i64>, array<1 x i64>)> 
    %10 = llvm.insertvalue %arg2, %9[2] : !llvm.struct<(ptr, ptr, i64, array<1 x i64>, array<1 x i64>)> 
    %11 = llvm.insertvalue %arg3, %10[3, 0] : !llvm.struct<(ptr, ptr, i64, array<1 x i64>, array<1 x i64>)> 
    %12 = llvm.insertvalue %arg4, %11[4, 0] : !llvm.struct<(ptr, ptr, i64, array<1 x i64>, array<1 x i64>)> 
    %13 = builtin.unrealized_conversion_cast %12 : !llvm.struct<(ptr, ptr, i64, array<1 x i64>, array<1 x i64>)> to memref<4xf32>
    %14 = builtin.unrealized_conversion_cast %6 : memref<4xf32> to !llvm.struct<(ptr, ptr, i64, array<1 x i64>, array<1 x i64>)>
    %15 = builtin.unrealized_conversion_cast %13 : memref<4xf32> to !llvm.struct<(ptr, ptr, i64, array<1 x i64>, array<1 x i64>)>
    %16 = llvm.mlir.constant(0 : i64) : i64
    %17 = builtin.unrealized_conversion_cast %16 : i64 to index
    %18 = llvm.mlir.constant(4 : i64) : i64
    %19 = llvm.mlir.constant(1 : i64) : i64
    %20 = llvm.mlir.constant(0.000000e+00 : f32) : f32
    llvm.br ^bb1(%16, %20 : i64, f32)
  ^bb1(%21: i64, %22: f32):  // 2 preds: ^bb0, ^bb2
    %23 = builtin.unrealized_conversion_cast %21 : i64 to index
    %24 = builtin.unrealized_conversion_cast %23 : index to i64
    %25 = builtin.unrealized_conversion_cast %23 : index to i64
    %26 = llvm.icmp "slt" %25, %18 : i64
    llvm.cond_br %26, ^bb2, ^bb3
  ^bb2:  // pred: ^bb1
    %27 = llvm.extractvalue %15[1] : !llvm.struct<(ptr, ptr, i64, array<1 x i64>, array<1 x i64>)> 
    %28 = llvm.getelementptr inbounds|nuw %27[%24] : (!llvm.ptr, i64) -> !llvm.ptr, f32
    %29 = llvm.load %28 : !llvm.ptr -> f32
    %30 = llvm.extractvalue %14[1] : !llvm.struct<(ptr, ptr, i64, array<1 x i64>, array<1 x i64>)> 
    %31 = llvm.getelementptr inbounds|nuw %30[%24] : (!llvm.ptr, i64) -> !llvm.ptr, f32
    %32 = llvm.load %31 : !llvm.ptr -> f32
    %33 = llvm.fmul %29, %32 : f32
    %34 = llvm.fadd %22, %33 : f32
    %35 = llvm.add %25, %19 : i64
    %36 = builtin.unrealized_conversion_cast %35 : i64 to index
    llvm.br ^bb1(%35, %34 : i64, f32)
  ^bb3:  // pred: ^bb1
    llvm.return %22 : f32
  }
  llvm.func @main() {
    %0 = llvm.mlir.constant(4 : i64) : i64
    %1 = llvm.mlir.constant(1 : i64) : i64
    %2 = llvm.mlir.zero : !llvm.ptr
    %3 = llvm.getelementptr %2[%0] : (!llvm.ptr, i64) -> !llvm.ptr, f32
    %4 = llvm.ptrtoint %3 : !llvm.ptr to i64
    %5 = llvm.call @malloc(%4) : (i64) -> !llvm.ptr
    %6 = llvm.mlir.poison : !llvm.struct<(ptr, ptr, i64, array<1 x i64>, array<1 x i64>)>
    %7 = llvm.insertvalue %5, %6[0] : !llvm.struct<(ptr, ptr, i64, array<1 x i64>, array<1 x i64>)> 
    %8 = llvm.insertvalue %5, %7[1] : !llvm.struct<(ptr, ptr, i64, array<1 x i64>, array<1 x i64>)> 
    %9 = llvm.mlir.constant(0 : i64) : i64
    %10 = llvm.insertvalue %9, %8[2] : !llvm.struct<(ptr, ptr, i64, array<1 x i64>, array<1 x i64>)> 
    %11 = llvm.insertvalue %0, %10[3, 0] : !llvm.struct<(ptr, ptr, i64, array<1 x i64>, array<1 x i64>)> 
    %12 = llvm.insertvalue %1, %11[4, 0] : !llvm.struct<(ptr, ptr, i64, array<1 x i64>, array<1 x i64>)> 
    %13 = builtin.unrealized_conversion_cast %12 : !llvm.struct<(ptr, ptr, i64, array<1 x i64>, array<1 x i64>)> to memref<4xf32>
    %14 = llvm.mlir.constant(4 : i64) : i64
    %15 = llvm.mlir.constant(1 : i64) : i64
    %16 = llvm.mlir.zero : !llvm.ptr
    %17 = llvm.getelementptr %16[%14] : (!llvm.ptr, i64) -> !llvm.ptr, f32
    %18 = llvm.ptrtoint %17 : !llvm.ptr to i64
    %19 = llvm.call @malloc(%18) : (i64) -> !llvm.ptr
    %20 = llvm.mlir.poison : !llvm.struct<(ptr, ptr, i64, array<1 x i64>, array<1 x i64>)>
    %21 = llvm.insertvalue %19, %20[0] : !llvm.struct<(ptr, ptr, i64, array<1 x i64>, array<1 x i64>)> 
    %22 = llvm.insertvalue %19, %21[1] : !llvm.struct<(ptr, ptr, i64, array<1 x i64>, array<1 x i64>)> 
    %23 = llvm.mlir.constant(0 : i64) : i64
    %24 = llvm.insertvalue %23, %22[2] : !llvm.struct<(ptr, ptr, i64, array<1 x i64>, array<1 x i64>)> 
    %25 = llvm.insertvalue %14, %24[3, 0] : !llvm.struct<(ptr, ptr, i64, array<1 x i64>, array<1 x i64>)> 
    %26 = llvm.insertvalue %15, %25[4, 0] : !llvm.struct<(ptr, ptr, i64, array<1 x i64>, array<1 x i64>)> 
    %27 = builtin.unrealized_conversion_cast %26 : !llvm.struct<(ptr, ptr, i64, array<1 x i64>, array<1 x i64>)> to memref<4xf32>
    %28 = llvm.mlir.constant(0 : i64) : i64
    %29 = builtin.unrealized_conversion_cast %28 : i64 to index
    %30 = llvm.mlir.constant(1 : i64) : i64
    %31 = builtin.unrealized_conversion_cast %30 : i64 to index
    %32 = llvm.mlir.constant(2 : i64) : i64
    %33 = builtin.unrealized_conversion_cast %32 : i64 to index
    %34 = llvm.mlir.constant(3 : i64) : i64
    %35 = builtin.unrealized_conversion_cast %34 : i64 to index
    %36 = llvm.mlir.constant(1.000000e+00 : f32) : f32
    %37 = llvm.mlir.constant(2.000000e+00 : f32) : f32
    %38 = llvm.mlir.constant(3.000000e+00 : f32) : f32
    %39 = llvm.mlir.constant(4.000000e+00 : f32) : f32
    %40 = llvm.extractvalue %12[1] : !llvm.struct<(ptr, ptr, i64, array<1 x i64>, array<1 x i64>)> 
    %41 = llvm.getelementptr inbounds|nuw %40[%28] : (!llvm.ptr, i64) -> !llvm.ptr, f32
    llvm.store %36, %41 : f32, !llvm.ptr
    %42 = llvm.extractvalue %12[1] : !llvm.struct<(ptr, ptr, i64, array<1 x i64>, array<1 x i64>)> 
    %43 = llvm.getelementptr inbounds|nuw %42[%30] : (!llvm.ptr, i64) -> !llvm.ptr, f32
    llvm.store %37, %43 : f32, !llvm.ptr
    %44 = llvm.extractvalue %12[1] : !llvm.struct<(ptr, ptr, i64, array<1 x i64>, array<1 x i64>)> 
    %45 = llvm.getelementptr inbounds|nuw %44[%32] : (!llvm.ptr, i64) -> !llvm.ptr, f32
    llvm.store %38, %45 : f32, !llvm.ptr
    %46 = llvm.extractvalue %12[1] : !llvm.struct<(ptr, ptr, i64, array<1 x i64>, array<1 x i64>)> 
    %47 = llvm.getelementptr inbounds|nuw %46[%34] : (!llvm.ptr, i64) -> !llvm.ptr, f32
    llvm.store %39, %47 : f32, !llvm.ptr
    %48 = llvm.extractvalue %26[1] : !llvm.struct<(ptr, ptr, i64, array<1 x i64>, array<1 x i64>)> 
    %49 = llvm.getelementptr inbounds|nuw %48[%28] : (!llvm.ptr, i64) -> !llvm.ptr, f32
    llvm.store %36, %49 : f32, !llvm.ptr
    %50 = llvm.extractvalue %26[1] : !llvm.struct<(ptr, ptr, i64, array<1 x i64>, array<1 x i64>)> 
    %51 = llvm.getelementptr inbounds|nuw %50[%30] : (!llvm.ptr, i64) -> !llvm.ptr, f32
    llvm.store %37, %51 : f32, !llvm.ptr
    %52 = llvm.extractvalue %26[1] : !llvm.struct<(ptr, ptr, i64, array<1 x i64>, array<1 x i64>)> 
    %53 = llvm.getelementptr inbounds|nuw %52[%32] : (!llvm.ptr, i64) -> !llvm.ptr, f32
    llvm.store %38, %53 : f32, !llvm.ptr
    %54 = llvm.extractvalue %26[1] : !llvm.struct<(ptr, ptr, i64, array<1 x i64>, array<1 x i64>)> 
    %55 = llvm.getelementptr inbounds|nuw %54[%34] : (!llvm.ptr, i64) -> !llvm.ptr, f32
    llvm.store %39, %55 : f32, !llvm.ptr
    %56 = llvm.extractvalue %12[0] : !llvm.struct<(ptr, ptr, i64, array<1 x i64>, array<1 x i64>)> 
    %57 = llvm.extractvalue %12[1] : !llvm.struct<(ptr, ptr, i64, array<1 x i64>, array<1 x i64>)> 
    %58 = llvm.extractvalue %12[2] : !llvm.struct<(ptr, ptr, i64, array<1 x i64>, array<1 x i64>)> 
    %59 = llvm.extractvalue %12[3, 0] : !llvm.struct<(ptr, ptr, i64, array<1 x i64>, array<1 x i64>)> 
    %60 = llvm.extractvalue %12[4, 0] : !llvm.struct<(ptr, ptr, i64, array<1 x i64>, array<1 x i64>)> 
    %61 = llvm.extractvalue %26[0] : !llvm.struct<(ptr, ptr, i64, array<1 x i64>, array<1 x i64>)> 
    %62 = llvm.extractvalue %26[1] : !llvm.struct<(ptr, ptr, i64, array<1 x i64>, array<1 x i64>)> 
    %63 = llvm.extractvalue %26[2] : !llvm.struct<(ptr, ptr, i64, array<1 x i64>, array<1 x i64>)> 
    %64 = llvm.extractvalue %26[3, 0] : !llvm.struct<(ptr, ptr, i64, array<1 x i64>, array<1 x i64>)> 
    %65 = llvm.extractvalue %26[4, 0] : !llvm.struct<(ptr, ptr, i64, array<1 x i64>, array<1 x i64>)> 
    %66 = llvm.call @dot_product(%56, %57, %58, %59, %60, %61, %62, %63, %64, %65) : (!llvm.ptr, !llvm.ptr, i64, i64, i64, !llvm.ptr, !llvm.ptr, i64, i64, i64) -> f32
    %67 = llvm.mlir.constant(1 : i64) : i64
    %68 = llvm.mlir.zero : !llvm.ptr
    %69 = llvm.getelementptr %68[%67] : (!llvm.ptr, i64) -> !llvm.ptr, f32
    %70 = llvm.ptrtoint %69 : !llvm.ptr to i64
    %71 = llvm.call @malloc(%70) : (i64) -> !llvm.ptr
    %72 = llvm.mlir.poison : !llvm.struct<(ptr, ptr, i64)>
    %73 = llvm.insertvalue %71, %72[0] : !llvm.struct<(ptr, ptr, i64)> 
    %74 = llvm.insertvalue %71, %73[1] : !llvm.struct<(ptr, ptr, i64)> 
    %75 = llvm.mlir.constant(0 : i64) : i64
    %76 = llvm.insertvalue %75, %74[2] : !llvm.struct<(ptr, ptr, i64)> 
    %77 = llvm.extractvalue %76[1] : !llvm.struct<(ptr, ptr, i64)> 
    llvm.store %66, %77 : f32, !llvm.ptr
    %78 = llvm.mlir.constant(1 : i64) : i64
    %79 = llvm.alloca %78 x !llvm.struct<(ptr, ptr, i64)> : (i64) -> !llvm.ptr
    llvm.store %76, %79 : !llvm.struct<(ptr, ptr, i64)>, !llvm.ptr
    %80 = llvm.mlir.constant(0 : i64) : i64
    %81 = llvm.mlir.poison : !llvm.struct<(i64, ptr)>
    %82 = llvm.insertvalue %80, %81[0] : !llvm.struct<(i64, ptr)> 
    %83 = llvm.insertvalue %79, %82[1] : !llvm.struct<(i64, ptr)> 
    %84 = builtin.unrealized_conversion_cast %83 : !llvm.struct<(i64, ptr)> to memref<*xf32>
    %85 = llvm.extractvalue %83[0] : !llvm.struct<(i64, ptr)> 
    %86 = llvm.extractvalue %83[1] : !llvm.struct<(i64, ptr)> 
    llvm.call @printMemrefF32(%85, %86) : (i64, !llvm.ptr) -> ()
    %87 = llvm.extractvalue %12[0] : !llvm.struct<(ptr, ptr, i64, array<1 x i64>, array<1 x i64>)> 
    llvm.call @free(%87) : (!llvm.ptr) -> ()
    %88 = llvm.extractvalue %26[0] : !llvm.struct<(ptr, ptr, i64, array<1 x i64>, array<1 x i64>)> 
    llvm.call @free(%88) : (!llvm.ptr) -> ()
    %89 = llvm.extractvalue %76[0] : !llvm.struct<(ptr, ptr, i64)> 
    llvm.call @free(%89) : (!llvm.ptr) -> ()
    llvm.return
  }
}


// -----// IR Dump After ReconcileUnrealizedCastsPass: reconcile-unrealized-casts //----- //
module {
  llvm.func @free(!llvm.ptr)
  llvm.func @malloc(i64) -> !llvm.ptr
  llvm.func @printMemrefF32(i64, !llvm.ptr) attributes {sym_visibility = "private"}
  llvm.func @dot_product(%arg0: !llvm.ptr, %arg1: !llvm.ptr, %arg2: i64, %arg3: i64, %arg4: i64, %arg5: !llvm.ptr, %arg6: !llvm.ptr, %arg7: i64, %arg8: i64, %arg9: i64) -> f32 {
    %0 = llvm.mlir.poison : !llvm.struct<(ptr, ptr, i64, array<1 x i64>, array<1 x i64>)>
    %1 = llvm.insertvalue %arg5, %0[0] : !llvm.struct<(ptr, ptr, i64, array<1 x i64>, array<1 x i64>)> 
    %2 = llvm.insertvalue %arg6, %1[1] : !llvm.struct<(ptr, ptr, i64, array<1 x i64>, array<1 x i64>)> 
    %3 = llvm.insertvalue %arg7, %2[2] : !llvm.struct<(ptr, ptr, i64, array<1 x i64>, array<1 x i64>)> 
    %4 = llvm.insertvalue %arg8, %3[3, 0] : !llvm.struct<(ptr, ptr, i64, array<1 x i64>, array<1 x i64>)> 
    %5 = llvm.insertvalue %arg9, %4[4, 0] : !llvm.struct<(ptr, ptr, i64, array<1 x i64>, array<1 x i64>)> 
    %6 = llvm.mlir.poison : !llvm.struct<(ptr, ptr, i64, array<1 x i64>, array<1 x i64>)>
    %7 = llvm.insertvalue %arg0, %6[0] : !llvm.struct<(ptr, ptr, i64, array<1 x i64>, array<1 x i64>)> 
    %8 = llvm.insertvalue %arg1, %7[1] : !llvm.struct<(ptr, ptr, i64, array<1 x i64>, array<1 x i64>)> 
    %9 = llvm.insertvalue %arg2, %8[2] : !llvm.struct<(ptr, ptr, i64, array<1 x i64>, array<1 x i64>)> 
    %10 = llvm.insertvalue %arg3, %9[3, 0] : !llvm.struct<(ptr, ptr, i64, array<1 x i64>, array<1 x i64>)> 
    %11 = llvm.insertvalue %arg4, %10[4, 0] : !llvm.struct<(ptr, ptr, i64, array<1 x i64>, array<1 x i64>)> 
    %12 = llvm.mlir.constant(0 : i64) : i64
    %13 = llvm.mlir.constant(4 : i64) : i64
    %14 = llvm.mlir.constant(1 : i64) : i64
    %15 = llvm.mlir.constant(0.000000e+00 : f32) : f32
    llvm.br ^bb1(%12, %15 : i64, f32)
  ^bb1(%16: i64, %17: f32):  // 2 preds: ^bb0, ^bb2
    %18 = llvm.icmp "slt" %16, %13 : i64
    llvm.cond_br %18, ^bb2, ^bb3
  ^bb2:  // pred: ^bb1
    %19 = llvm.extractvalue %11[1] : !llvm.struct<(ptr, ptr, i64, array<1 x i64>, array<1 x i64>)> 
    %20 = llvm.getelementptr inbounds|nuw %19[%16] : (!llvm.ptr, i64) -> !llvm.ptr, f32
    %21 = llvm.load %20 : !llvm.ptr -> f32
    %22 = llvm.extractvalue %5[1] : !llvm.struct<(ptr, ptr, i64, array<1 x i64>, array<1 x i64>)> 
    %23 = llvm.getelementptr inbounds|nuw %22[%16] : (!llvm.ptr, i64) -> !llvm.ptr, f32
    %24 = llvm.load %23 : !llvm.ptr -> f32
    %25 = llvm.fmul %21, %24 : f32
    %26 = llvm.fadd %17, %25 : f32
    %27 = llvm.add %16, %14 : i64
    llvm.br ^bb1(%27, %26 : i64, f32)
  ^bb3:  // pred: ^bb1
    llvm.return %17 : f32
  }
  llvm.func @main() {
    %0 = llvm.mlir.constant(4 : i64) : i64
    %1 = llvm.mlir.constant(1 : i64) : i64
    %2 = llvm.mlir.zero : !llvm.ptr
    %3 = llvm.getelementptr %2[%0] : (!llvm.ptr, i64) -> !llvm.ptr, f32
    %4 = llvm.ptrtoint %3 : !llvm.ptr to i64
    %5 = llvm.call @malloc(%4) : (i64) -> !llvm.ptr
    %6 = llvm.mlir.poison : !llvm.struct<(ptr, ptr, i64, array<1 x i64>, array<1 x i64>)>
    %7 = llvm.insertvalue %5, %6[0] : !llvm.struct<(ptr, ptr, i64, array<1 x i64>, array<1 x i64>)> 
    %8 = llvm.insertvalue %5, %7[1] : !llvm.struct<(ptr, ptr, i64, array<1 x i64>, array<1 x i64>)> 
    %9 = llvm.mlir.constant(0 : i64) : i64
    %10 = llvm.insertvalue %9, %8[2] : !llvm.struct<(ptr, ptr, i64, array<1 x i64>, array<1 x i64>)> 
    %11 = llvm.insertvalue %0, %10[3, 0] : !llvm.struct<(ptr, ptr, i64, array<1 x i64>, array<1 x i64>)> 
    %12 = llvm.insertvalue %1, %11[4, 0] : !llvm.struct<(ptr, ptr, i64, array<1 x i64>, array<1 x i64>)> 
    %13 = llvm.mlir.constant(4 : i64) : i64
    %14 = llvm.mlir.constant(1 : i64) : i64
    %15 = llvm.mlir.zero : !llvm.ptr
    %16 = llvm.getelementptr %15[%13] : (!llvm.ptr, i64) -> !llvm.ptr, f32
    %17 = llvm.ptrtoint %16 : !llvm.ptr to i64
    %18 = llvm.call @malloc(%17) : (i64) -> !llvm.ptr
    %19 = llvm.mlir.poison : !llvm.struct<(ptr, ptr, i64, array<1 x i64>, array<1 x i64>)>
    %20 = llvm.insertvalue %18, %19[0] : !llvm.struct<(ptr, ptr, i64, array<1 x i64>, array<1 x i64>)> 
    %21 = llvm.insertvalue %18, %20[1] : !llvm.struct<(ptr, ptr, i64, array<1 x i64>, array<1 x i64>)> 
    %22 = llvm.mlir.constant(0 : i64) : i64
    %23 = llvm.insertvalue %22, %21[2] : !llvm.struct<(ptr, ptr, i64, array<1 x i64>, array<1 x i64>)> 
    %24 = llvm.insertvalue %13, %23[3, 0] : !llvm.struct<(ptr, ptr, i64, array<1 x i64>, array<1 x i64>)> 
    %25 = llvm.insertvalue %14, %24[4, 0] : !llvm.struct<(ptr, ptr, i64, array<1 x i64>, array<1 x i64>)> 
    %26 = llvm.mlir.constant(0 : i64) : i64
    %27 = llvm.mlir.constant(1 : i64) : i64
    %28 = llvm.mlir.constant(2 : i64) : i64
    %29 = llvm.mlir.constant(3 : i64) : i64
    %30 = llvm.mlir.constant(1.000000e+00 : f32) : f32
    %31 = llvm.mlir.constant(2.000000e+00 : f32) : f32
    %32 = llvm.mlir.constant(3.000000e+00 : f32) : f32
    %33 = llvm.mlir.constant(4.000000e+00 : f32) : f32
    %34 = llvm.extractvalue %12[1] : !llvm.struct<(ptr, ptr, i64, array<1 x i64>, array<1 x i64>)> 
    %35 = llvm.getelementptr inbounds|nuw %34[%26] : (!llvm.ptr, i64) -> !llvm.ptr, f32
    llvm.store %30, %35 : f32, !llvm.ptr
    %36 = llvm.extractvalue %12[1] : !llvm.struct<(ptr, ptr, i64, array<1 x i64>, array<1 x i64>)> 
    %37 = llvm.getelementptr inbounds|nuw %36[%27] : (!llvm.ptr, i64) -> !llvm.ptr, f32
    llvm.store %31, %37 : f32, !llvm.ptr
    %38 = llvm.extractvalue %12[1] : !llvm.struct<(ptr, ptr, i64, array<1 x i64>, array<1 x i64>)> 
    %39 = llvm.getelementptr inbounds|nuw %38[%28] : (!llvm.ptr, i64) -> !llvm.ptr, f32
    llvm.store %32, %39 : f32, !llvm.ptr
    %40 = llvm.extractvalue %12[1] : !llvm.struct<(ptr, ptr, i64, array<1 x i64>, array<1 x i64>)> 
    %41 = llvm.getelementptr inbounds|nuw %40[%29] : (!llvm.ptr, i64) -> !llvm.ptr, f32
    llvm.store %33, %41 : f32, !llvm.ptr
    %42 = llvm.extractvalue %25[1] : !llvm.struct<(ptr, ptr, i64, array<1 x i64>, array<1 x i64>)> 
    %43 = llvm.getelementptr inbounds|nuw %42[%26] : (!llvm.ptr, i64) -> !llvm.ptr, f32
    llvm.store %30, %43 : f32, !llvm.ptr
    %44 = llvm.extractvalue %25[1] : !llvm.struct<(ptr, ptr, i64, array<1 x i64>, array<1 x i64>)> 
    %45 = llvm.getelementptr inbounds|nuw %44[%27] : (!llvm.ptr, i64) -> !llvm.ptr, f32
    llvm.store %31, %45 : f32, !llvm.ptr
    %46 = llvm.extractvalue %25[1] : !llvm.struct<(ptr, ptr, i64, array<1 x i64>, array<1 x i64>)> 
    %47 = llvm.getelementptr inbounds|nuw %46[%28] : (!llvm.ptr, i64) -> !llvm.ptr, f32
    llvm.store %32, %47 : f32, !llvm.ptr
    %48 = llvm.extractvalue %25[1] : !llvm.struct<(ptr, ptr, i64, array<1 x i64>, array<1 x i64>)> 
    %49 = llvm.getelementptr inbounds|nuw %48[%29] : (!llvm.ptr, i64) -> !llvm.ptr, f32
    llvm.store %33, %49 : f32, !llvm.ptr
    %50 = llvm.extractvalue %12[0] : !llvm.struct<(ptr, ptr, i64, array<1 x i64>, array<1 x i64>)> 
    %51 = llvm.extractvalue %12[1] : !llvm.struct<(ptr, ptr, i64, array<1 x i64>, array<1 x i64>)> 
    %52 = llvm.extractvalue %12[2] : !llvm.struct<(ptr, ptr, i64, array<1 x i64>, array<1 x i64>)> 
    %53 = llvm.extractvalue %12[3, 0] : !llvm.struct<(ptr, ptr, i64, array<1 x i64>, array<1 x i64>)> 
    %54 = llvm.extractvalue %12[4, 0] : !llvm.struct<(ptr, ptr, i64, array<1 x i64>, array<1 x i64>)> 
    %55 = llvm.extractvalue %25[0] : !llvm.struct<(ptr, ptr, i64, array<1 x i64>, array<1 x i64>)> 
    %56 = llvm.extractvalue %25[1] : !llvm.struct<(ptr, ptr, i64, array<1 x i64>, array<1 x i64>)> 
    %57 = llvm.extractvalue %25[2] : !llvm.struct<(ptr, ptr, i64, array<1 x i64>, array<1 x i64>)> 
    %58 = llvm.extractvalue %25[3, 0] : !llvm.struct<(ptr, ptr, i64, array<1 x i64>, array<1 x i64>)> 
    %59 = llvm.extractvalue %25[4, 0] : !llvm.struct<(ptr, ptr, i64, array<1 x i64>, array<1 x i64>)> 
    %60 = llvm.call @dot_product(%50, %51, %52, %53, %54, %55, %56, %57, %58, %59) : (!llvm.ptr, !llvm.ptr, i64, i64, i64, !llvm.ptr, !llvm.ptr, i64, i64, i64) -> f32
    %61 = llvm.mlir.constant(1 : i64) : i64
    %62 = llvm.mlir.zero : !llvm.ptr
    %63 = llvm.getelementptr %62[%61] : (!llvm.ptr, i64) -> !llvm.ptr, f32
    %64 = llvm.ptrtoint %63 : !llvm.ptr to i64
    %65 = llvm.call @malloc(%64) : (i64) -> !llvm.ptr
    %66 = llvm.mlir.poison : !llvm.struct<(ptr, ptr, i64)>
    %67 = llvm.insertvalue %65, %66[0] : !llvm.struct<(ptr, ptr, i64)> 
    %68 = llvm.insertvalue %65, %67[1] : !llvm.struct<(ptr, ptr, i64)> 
    %69 = llvm.mlir.constant(0 : i64) : i64
    %70 = llvm.insertvalue %69, %68[2] : !llvm.struct<(ptr, ptr, i64)> 
    %71 = llvm.extractvalue %70[1] : !llvm.struct<(ptr, ptr, i64)> 
    llvm.store %60, %71 : f32, !llvm.ptr
    %72 = llvm.mlir.constant(1 : i64) : i64
    %73 = llvm.alloca %72 x !llvm.struct<(ptr, ptr, i64)> : (i64) -> !llvm.ptr
    llvm.store %70, %73 : !llvm.struct<(ptr, ptr, i64)>, !llvm.ptr
    %74 = llvm.mlir.constant(0 : i64) : i64
    %75 = llvm.mlir.poison : !llvm.struct<(i64, ptr)>
    %76 = llvm.insertvalue %74, %75[0] : !llvm.struct<(i64, ptr)> 
    %77 = llvm.insertvalue %73, %76[1] : !llvm.struct<(i64, ptr)> 
    %78 = llvm.extractvalue %77[0] : !llvm.struct<(i64, ptr)> 
    %79 = llvm.extractvalue %77[1] : !llvm.struct<(i64, ptr)> 
    llvm.call @printMemrefF32(%78, %79) : (i64, !llvm.ptr) -> ()
    %80 = llvm.extractvalue %12[0] : !llvm.struct<(ptr, ptr, i64, array<1 x i64>, array<1 x i64>)> 
    llvm.call @free(%80) : (!llvm.ptr) -> ()
    %81 = llvm.extractvalue %25[0] : !llvm.struct<(ptr, ptr, i64, array<1 x i64>, array<1 x i64>)> 
    llvm.call @free(%81) : (!llvm.ptr) -> ()
    %82 = llvm.extractvalue %70[0] : !llvm.struct<(ptr, ptr, i64)> 
    llvm.call @free(%82) : (!llvm.ptr) -> ()
    llvm.return
  }
}


